// Jest Snapshot v1, https://goo.gl/fbAQLP

exports[`App snapshot 1`] = `
<View>
  <View>
    <View>
      <View />
      <View />
      <View />
    </View>
  </View>
</View>
`;
